
波斯猫
波斯猫
